<?xml version="1.0" encoding="utf-8"?><testsuites><testsuite name="pytest" errors="0" failures="0" skipped="0" tests="0" time="0.154" timestamp="2022-05-21T16:16:38.998824" hostname="julians-MacBook-Pro.local" /></testsuites>